AR esit behavioral C:/Users/kaan_/Desktop/proje/esit_display/esit.vhd sub00/vhpl01 1652891448
AR esita behavioral "C:/Users/kaan_/Desktop/proje/fpga proje/esit_display/esita.vhd" sub00/vhpl03 1653062935
EN esit NULL C:/Users/kaan_/Desktop/proje/esit_display/esit.vhd sub00/vhpl00 1652891447
EN esita NULL "C:/Users/kaan_/Desktop/proje/fpga proje/esit_display/esita.vhd" sub00/vhpl02 1653062934
